// Jest Snapshot v1, https://goo.gl/fbAQLP

exports[`Tests for Screen 1 of Sections component Matches snapshot 1`] = `
.c0 {
  box-sizing: border-box;
  margin: 0;
  min-width: 0;
  flex-direction: column;
  justify-content: flex-end;
  flex: 0 1;
}

.c3 {
  box-sizing: border-box;
  margin: 0;
  min-width: 0;
}

.c5 {
  box-sizing: border-box;
  margin: 0;
  min-width: 0;
  flex-wrap: wrap;
  justify-content: center;
  align-items: center;
}

.c6 {
  box-sizing: border-box;
  margin: 0;
  min-width: 0;
  width: 100%;
}

.c7 {
  box-sizing: border-box;
  margin: 0;
  min-width: 0;
  flex-wrap: wrap;
  flex-direction: column;
}

.c8 {
  box-sizing: border-box;
  margin: 0;
  min-width: 0;
  width: 100%;
  padding-left: 32px;
  padding-right: 32px;
}

.c9 {
  box-sizing: border-box;
  margin: 0;
  min-width: 0;
  line-height: 1.5;
  font-weight: 300;
  letter-spacing: -1px;
  font-size: 48px;
  margin-top: 8px;
  margin-bottom: 8px;
  text-align: center;
}

.c10 {
  box-sizing: border-box;
  margin: 0;
  min-width: 0;
  width: 50%;
  margin-top: 16px;
  margin-bottom: 16px;
  padding-left: 32px;
  padding-right: 32px;
  margin-left: auto;
  margin-right: auto;
}

.c11 {
  box-sizing: border-box;
  margin: 0;
  min-width: 0;
  margin-left: auto;
  margin-right: auto;
}

.c12 {
  box-sizing: border-box;
  margin: 0;
  min-width: 0;
  appearance: none;
  display: inline-block;
  text-align: center;
  line-height: inherit;
  text-decoration: none;
  font-weight: 400;
  font-size: inherit;
  border: 0;
  background: none;
  padding: 0;
  font-family: inherit;
  display: inline-block;
  text-transform: capitalize;
  text-align: center;
  letter-spacing: 0.5px;
  vertical-align: middle;
  -webkit-tap-highlight-color: transparent;
  transition: .2s ease-out;
  outline: 0;
  border-radius: 32px;
  font-size: 16px;
  height: 40px;
  padding-left: 24px;
  padding-right: 24px;
  color: #0588cb;
  background-color: #f8f9fa;
}

.c12:enabled {
  cursor: pointer;
}

.c12 .icon {
  font-size: 22px;
}

.c12:hover:enabled {
  background-color: #f1f3f5;
}

.c13 {
  box-sizing: border-box;
  margin: 0;
  min-width: 0;
  align-items: center;
  justify-content: center;
}

.c14 {
  box-sizing: border-box;
  margin: 0;
  min-width: 0;
  width: 100%;
  margin-top: 32px;
  margin-bottom: 32px;
}

.c15 {
  box-sizing: border-box;
  margin: 0;
  min-width: 0;
  justify-content: center;
  align-items: center;
}

.c1 {
  display: flex;
}

.c16 {
  background-color: #f8f9fa;
  width: 15px;
  height: 15px;
  border-radius: 15px;
}

.c18 {
  background-color: #0588cb;
  width: 15px;
  height: 15px;
  border-radius: 15px;
}

.c17 {
  background-color: #0588cb;
  width: 50px;
  height: 3px;
}

.c4 {
  position: absolute;
  top: 0;
  width: 100%;
  height: 50px;
  background-color: transparent;
  color: #f8f9fa;
  -webkit-app-region: drag;
}

.c2 {
  background: no-repeat url(/static/images/onboarding_0.svg);
  background-color: #002b54;
  background-size: contain;
  height: 100vh;
}

<div
  className="c0 c1 c2"
>
  <div
    className="c3 c4"
  />
  <div
    className="c5 c1"
  >
    <div
      className="c6"
    >
      <div
        className="c7 c1"
      >
        <div
          className="c8"
        >
          <h1
            className="c9"
          >
            What is OONI Probe?
          </h1>
        </div>
        <div
          className="c10"
        >
          <div>
            <p>
              Your app for measuring internet censorship.
            </p>
            <p>
              Are websites and social media apps blocked? Is your internet connection unusually slow?
            </p>
            <p>
              Run OONI Probe to find out!
            </p>
          </div>
        </div>
        <div
          className="c11"
        >
          <button
            className="c12"
            data-testid="got-it-button"
            disabled={false}
            onClick={[Function]}
            type="button"
          >
            <div
              className="c13 c1"
            >
              Got It
            </div>
          </button>
        </div>
      </div>
    </div>
    <div
      className="c6"
    />
    <div
      className="c14"
    >
      <div
        className="c15 c1"
      >
        <div
          className="c3 c16"
        />
        <div
          className="c3 c17"
        />
        <div
          className="c3 c18"
        />
        <div
          className="c3 c17"
        />
        <div
          className="c3 c18"
        />
        <div
          className="c3 c17"
        />
        <div
          className="c3 c18"
        />
      </div>
    </div>
  </div>
</div>
`;
